#-----------------------------------------------------------
# Vivado v2025.1 (64-bit)
# SW Build 6140274 on Thu May 22 00:12:29 MDT 2025
# IP Build 6138677 on Thu May 22 03:10:11 MDT 2025
# SharedData Build 6139179 on Tue May 20 17:58:58 MDT 2025
# Start of session at: Wed Sep 30 15:39:06 2026
# Process ID         : 37936
# Current directory  : C:/ATU/VS files/PD/DFlipFlop/DFlipFlop.runs/synth_1
# Command line       : vivado.exe -log DFF.vds -product Vivado -mode batch -messageDb vivado.pb -notrace -source DFF.tcl
# Log file           : C:/ATU/VS files/PD/DFlipFlop/DFlipFlop.runs/synth_1/DFF.vds
# Journal file       : C:/ATU/VS files/PD/DFlipFlop/DFlipFlop.runs/synth_1\vivado.jou
# Running On         : S-1B4L644
# Platform           : Windows Server 2016 or Windows 10
# Operating System   : 26200
# Processor Detail   : Intel(R) Core(TM) i7-14700
# CPU Frequency      : 2112 MHz
# CPU Physical cores : 20
# CPU Logical cores  : 28
# Host memory        : 34031 MB
# Swap memory        : 5100 MB
# Total Virtual      : 39131 MB
# Available Virtual  : 19462 MB
#-----------------------------------------------------------
source DFF.tcl -notrace
